@main {
  copy1: int = id x;
  copy2: int = id x;
  copy3: int = id x;
  print x;
}
