@main {
  lvn.1: int = id x;
  copy2: int = id x;
  copy1: int = const 7;
  copy3: int = id x;
  print x;
}
