@main {
  copy1: int = id x;
  copy2: int = id copy1;
  copy2: int = add copy1 copy1;
  copy3: int = id copy2;
  print copy2;
}
