@main {
  lvn.1: int = const 100;
  a: int = const 42;
  print a;
}
