@main {
  a: int = const 4;
  jmp .end;
.end:
  print a;
}
